*** GOWIN Tcl Command Line Console  *** 
alog error: failed to open log file: 'C:/Users/jessi/AppData/Local/GowinSemi/IDE/cache/sh.log'
Open project C:/Users/jessi/OneDrive/73EC~1/NEWPRO~1/FPGA-T~1/trade_top.gprj finished
GowinSynthesis start
Running parser ...
Analyzing Verilog file 'C:\Users\jessi\OneDrive\73EC~1\NEWPRO~1\FPGA-T~1\rtl\uart_rx.v'
Analyzing Verilog file 'C:\Users\jessi\OneDrive\73EC~1\NEWPRO~1\FPGA-T~1\rtl\uart_tx.v'
Analyzing Verilog file 'C:\Users\jessi\OneDrive\73EC~1\NEWPRO~1\FPGA-T~1\rtl\signal_engine.v'
Analyzing Verilog file 'C:\Users\jessi\OneDrive\73EC~1\NEWPRO~1\FPGA-T~1\rtl\trade_top.v'
Compiling module 'trade_top'("C:\Users\jessi\OneDrive\73EC~1\NEWPRO~1\FPGA-T~1\rtl\trade_top.v":2)
Compiling module 'uart_rx'("C:\Users\jessi\OneDrive\73EC~1\NEWPRO~1\FPGA-T~1\rtl\uart_rx.v":3)
Compiling module 'signal_engine'("C:\Users\jessi\OneDrive\73EC~1\NEWPRO~1\FPGA-T~1\rtl\signal_engine.v":5)
Extracting RAM for identifier 'history'("C:\Users\jessi\OneDrive\73EC~1\NEWPRO~1\FPGA-T~1\rtl\signal_engine.v":22)
Compiling module 'uart_tx'("C:\Users\jessi\OneDrive\73EC~1\NEWPRO~1\FPGA-T~1\rtl\uart_tx.v":2)
NOTE  (EX0101) : Current top module is "trade_top"
[5%] Running netlist conversion ...
Running device independent optimization ...
[10%] Optimizing Phase 0 completed
[15%] Optimizing Phase 1 completed
[25%] Optimizing Phase 2 completed
Running inference ...
[30%] Inferring Phase 0 completed
[40%] Inferring Phase 1 completed
[50%] Inferring Phase 2 completed
[55%] Inferring Phase 3 completed
Running technical mapping ...
[60%] Tech-Mapping Phase 0 completed
[65%] Tech-Mapping Phase 1 completed
[75%] Tech-Mapping Phase 2 completed
[80%] Tech-Mapping Phase 3 completed
[90%] Tech-Mapping Phase 4 completed
[95%] Generate netlist file "C:\Users\jessi\OneDrive\73EC~1\NEWPRO~1\FPGA-T~1\impl\gwsynthesis\trade_top.vg" completed
[100%] Generate report file "C:\Users\jessi\OneDrive\73EC~1\NEWPRO~1\FPGA-T~1\impl\gwsynthesis\trade_top_syn.rpt.html" completed
GowinSynthesis finish
Reading netlist file: "C:\Users\jessi\OneDrive\73EC~1\NEWPRO~1\FPGA-T~1\impl\gwsynthesis\trade_top.vg"
Parsing netlist file "C:\Users\jessi\OneDrive\73EC~1\NEWPRO~1\FPGA-T~1\impl\gwsynthesis\trade_top.vg" completed
Processing netlist completed
Reading constraint file: "C:\Users\jessi\OneDrive\73EC~1\NEWPRO~1\FPGA-T~1\constraints\19_tang_nano_20k.cst"
Physical Constraint parsed completed
Running placement......
[10%] Placement Phase 0 completed
[20%] Placement Phase 1 completed
[30%] Placement Phase 2 completed
[50%] Placement Phase 3 completed
Running routing......
[60%] Routing Phase 0 completed
[70%] Routing Phase 1 completed
[80%] Routing Phase 2 completed
WARN  (PR1014) : Generic routing resource will be used to clock signal 'sys_clk_d' by the specified constraint. And then it may lead to the excessive delay or skew
[90%] Routing Phase 3 completed
Running timing analysis......
[95%] Timing analysis completed
Placement and routing completed
Bitstream generation in progress......
Bitstream generation completed
Running power analysis......
[100%] Power analysis completed
Generate file "C:\Users\jessi\OneDrive\73EC~1\NEWPRO~1\FPGA-T~1\impl\pnr\trade_top.power.html" completed
Generate file "C:\Users\jessi\OneDrive\73EC~1\NEWPRO~1\FPGA-T~1\impl\pnr\trade_top.pin.html" completed
Generate file "C:\Users\jessi\OneDrive\73EC~1\NEWPRO~1\FPGA-T~1\impl\pnr\trade_top.rpt.html" completed
Generate file "C:\Users\jessi\OneDrive\73EC~1\NEWPRO~1\FPGA-T~1\impl\pnr\trade_top.rpt.txt" completed
Generate file "C:\Users\jessi\OneDrive\73EC~1\NEWPRO~1\FPGA-T~1\impl\pnr\trade_top.vo" completed
Generate file "C:\Users\jessi\OneDrive\73EC~1\NEWPRO~1\FPGA-T~1\impl\pnr\trade_top.tr.html" completed
Generate file "C:\Users\jessi\OneDrive\73EC~1\NEWPRO~1\FPGA-T~1\impl\pnr\trade_top.tr" completed
Sat Oct  3 18:08:47 2026

