idx=  0 | item 0x11: NONE | item 0x22: NONE | reserved=0x0000 | WARMUP   |   17598.4 us
idx=  1 | item 0x11: NONE | item 0x22: NONE | reserved=0x0000 | WARMUP   |   16148.3 us
idx=  2 | item 0x11: NONE | item 0x22: NONE | reserved=0x0000 | WARMUP   |   16745.6 us
idx=  3 | item 0x11: NONE | item 0x22: NONE | reserved=0x0000 | WARMUP   |   16768.0 us
idx=  4 | item 0x11: NONE | item 0x22: NONE | reserved=0x0000 | WARMUP   |   16784.1 us
idx=  5 | item 0x11: NONE | item 0x22: NONE | reserved=0x0000 | WARMUP   |   17023.7 us
idx=  6 | item 0x11: NONE | item 0x22: NONE | reserved=0x0000 | WARMUP   |   16988.3 us
idx=  7 | item 0x11: NONE | item 0x22: NONE | reserved=0x0000 | WARMUP   |   16761.4 us
idx=  8 | item 0x11: NONE | item 0x22: NONE | reserved=0x0000 | WARMUP   |   17461.3 us
idx=  9 | item 0x11: NONE | item 0x22: NONE | reserved=0x0000 | WARMUP   |   16655.6 us
idx= 10 | item 0x11: NONE | item 0x22: NONE | reserved=0x0000 | WARMUP   |   16450.1 us
idx= 11 | item 0x11: NONE | item 0x22: NONE | reserved=0x0000 | WARMUP   |   17047.0 us
idx= 12 | item 0x11: NONE | item 0x22: NONE | reserved=0x0000 | WARMUP   |   17194.6 us
idx= 13 | item 0x11: NONE | item 0x22: NONE | reserved=0x0000 | WARMUP   |   16528.5 us
idx= 14 | item 0x11: NONE | item 0x22: NONE | reserved=0x0000 | WARMUP   |   16778.9 us
idx= 15 | item 0x11: NONE | item 0x22: NONE | reserved=0x0000 | WARMUP   |   16901.0 us
idx= 16 | item 0x22: SELL | item 0x11: BUY  | reserved=0x0000 | OK       |   17481.4 us
idx= 17 | item 0x11: BUY  | item 0x22: SELL | reserved=0x0000 | OK       |   16447.2 us
idx= 18 | item 0x11: BUY  | item 0x22: SELL | reserved=0x0000 | OK       |   17306.9 us
idx= 19 | item 0x22: BUY  | item 0x11: SELL | reserved=0x0000 | OK       |   16867.7 us
idx= 20 | item 0x22: BUY  | item 0x11: SELL | reserved=0x0000 | OK       |   16841.5 us

PASS
