
Generated 100 packets (84 scored, 168 scored actions).
Opening COM6 at 115200 baud...

[00] TX: 0x11:60957, 0x22:45024 | EXPECTED: --- , ---  | RX: 0x11:NONE, 0x22:NONE | IGNORED_WARMUP   |  16866.50 us
[01] TX: 0x11:59799, 0x22:56823 | EXPECTED: --- , ---  | RX: 0x11:NONE, 0x22:NONE | IGNORED_WARMUP   |  16825.10 us
[02] TX: 0x11:9850, 0x22:58489 | EXPECTED: --- , ---  | RX: 0x11:NONE, 0x22:NONE | IGNORED_WARMUP   |  17426.20 us
[03] TX: 0x11:48808, 0x22:10112 | EXPECTED: --- , ---  | RX: 0x11:NONE, 0x22:NONE | IGNORED_WARMUP   |  16705.00 us
[04] TX: 0x11:5883, 0x22:36300 | EXPECTED: --- , ---  | RX: 0x11:NONE, 0x22:NONE | IGNORED_WARMUP   |  16821.60 us
[05] TX: 0x11:36735, 0x22:3111 | EXPECTED: --- , ---  | RX: 0x11:NONE, 0x22:NONE | IGNORED_WARMUP   |  17080.80 us
[06] TX: 0x11:15804, 0x22:62655 | EXPECTED: --- , ---  | RX: 0x11:NONE, 0x22:NONE | IGNORED_WARMUP   |  16202.80 us
[07] TX: 0x11:46821, 0x22:2780 | EXPECTED: --- , ---  | RX: 0x11:NONE, 0x22:NONE | IGNORED_WARMUP   |  17199.50 us
[08] TX: 0x11:35590, 0x22:29591 | EXPECTED: --- , ---  | RX: 0x11:NONE, 0x22:NONE | IGNORED_WARMUP   |  16606.50 us
[09] TX: 0x11:46652, 0x22:11036 | EXPECTED: --- , ---  | RX: 0x11:NONE, 0x22:NONE | IGNORED_WARMUP   |  17549.30 us
[10] TX: 0x11:39129, 0x22:26831 | EXPECTED: --- , ---  | RX: 0x11:NONE, 0x22:NONE | IGNORED_WARMUP   |  16151.30 us
[11] TX: 0x11:33128, 0x22:8007 | EXPECTED: --- , ---  | RX: 0x11:NONE, 0x22:NONE | IGNORED_WARMUP   |  17419.00 us
[12] TX: 0x11:7736, 0x22:58842 | EXPECTED: --- , ---  | RX: 0x11:NONE, 0x22:NONE | IGNORED_WARMUP   |  16203.60 us
[13] TX: 0x11:32397, 0x22:37237 | EXPECTED: --- , ---  | RX: 0x11:NONE, 0x22:NONE | IGNORED_WARMUP   |  16834.70 us
[14] TX: 0x11:35339, 0x22:2904 | EXPECTED: --- , ---  | RX: 0x11:NONE, 0x22:NONE | IGNORED_WARMUP   |  16987.80 us
[15] TX: 0x11:57705, 0x22:39553 | EXPECTED: --- , ---  | RX: 0x11:NONE, 0x22:NONE | IGNORED_WARMUP   |  16813.00 us
[16] TX: 0x11:52981, 0x22:64932 | EXPECTED: NONE, NONE | RX: 0x11:NONE, 0x22:NONE | CORRECT          |  16837.70 us
[17] TX: 0x11:54359, 0x22:15692 | EXPECTED: NONE, SELL | RX: 0x11:NONE, 0x22:SELL | CORRECT          |  16852.80 us
[18] TX: 0x22:41575, 0x11:4296 | EXPECTED: BUY , SELL | RX: 0x22:BUY , 0x11:SELL | CORRECT          |  16870.10 us
[19] TX: 0x11:10336, 0x22:55531 | EXPECTED: SELL, BUY  | RX: 0x11:SELL, 0x22:BUY  | CORRECT          |  17429.00 us
[20] TX: 0x11:16721, 0x22:38152 | EXPECTED: SELL, BUY  | RX: 0x11:SELL, 0x22:BUY  | CORRECT          |  16369.00 us
[21] TX: 0x22:25737, 0x11:23215 | EXPECTED: SELL, SELL | RX: 0x22:SELL, 0x11:SELL | CORRECT          |  17437.50 us
[22] TX: 0x11:4936, 0x22:29688 | EXPECTED: SELL, SELL | RX: 0x11:SELL, 0x22:SELL | CORRECT          |  16362.00 us
[23] TX: 0x11:14036, 0x22:63022 | EXPECTED: SELL, BUY  | RX: 0x11:SELL, 0x22:BUY  | CORRECT          |  16855.30 us
[24] TX: 0x22:3579, 0x11:47587 | EXPECTED: SELL, BUY  | RX: 0x22:SELL, 0x11:BUY  | CORRECT          |  16534.20 us
[25] TX: 0x11:39554, 0x22:52334 | EXPECTED: BUY , BUY  | RX: 0x11:BUY , 0x22:BUY  | CORRECT          |  17219.40 us
[26] TX: 0x22:41736, 0x11:14046 | EXPECTED: BUY , SELL | RX: 0x22:BUY , 0x11:SELL | CORRECT          |  17035.40 us
[27] TX: 0x11:9969, 0x22:15538 | EXPECTED: SELL, SELL | RX: 0x11:SELL, 0x22:SELL | CORRECT          |  16849.20 us
[28] TX: 0x11:9630, 0x22:9591 | EXPECTED: SELL, SELL | RX: 0x11:SELL, 0x22:SELL | CORRECT          |  16226.00 us
[29] TX: 0x11:53389, 0x22:4578 | EXPECTED: BUY , SELL | RX: 0x11:BUY , 0x22:SELL | CORRECT          |  17026.80 us
[30] TX: 0x22:23060, 0x11:3129 | EXPECTED: SELL, SELL | RX: 0x22:SELL, 0x11:SELL | CORRECT          |  16717.90 us
[31] TX: 0x11:45910, 0x22:45288 | EXPECTED: BUY , BUY  | RX: 0x11:BUY , 0x22:BUY  | CORRECT          |  17531.50 us
[32] TX: 0x11:12270, 0x22:8201 | EXPECTED: SELL, SELL | RX: 0x11:SELL, 0x22:SELL | CORRECT          |  16156.60 us
[33] TX: 0x11:57480, 0x22:62519 | EXPECTED: BUY , BUY  | RX: 0x11:BUY , 0x22:BUY  | CORRECT          |  16968.70 us
[34] TX: 0x11:22978, 0x22:17602 | EXPECTED: SELL, SELL | RX: 0x11:SELL, 0x22:SELL | CORRECT          |  16744.60 us
[35] TX: 0x22:40365, 0x11:37114 | EXPECTED: BUY , BUY  | RX: 0x22:BUY , 0x11:BUY  | CORRECT          |  17334.30 us
[36] TX: 0x22:49030, 0x11:59014 | EXPECTED: BUY , BUY  | RX: 0x22:BUY , 0x11:BUY  | CORRECT          |  16408.60 us
[37] TX: 0x22:10255, 0x11:19295 | EXPECTED: SELL, SELL | RX: 0x22:SELL, 0x11:SELL | CORRECT          |  16795.90 us
[38] TX: 0x11:14747, 0x22:25687 | EXPECTED: SELL, SELL | RX: 0x11:SELL, 0x22:SELL | CORRECT          |  16872.40 us
[39] TX: 0x22:1578, 0x11:58495 | EXPECTED: SELL, BUY  | RX: 0x22:SELL, 0x11:BUY  | CORRECT          |  16825.10 us
[40] TX: 0x11:58641, 0x22:54784 | EXPECTED: BUY , BUY  | RX: 0x11:BUY , 0x22:BUY  | CORRECT          |  16978.30 us
[41] TX: 0x11:38933, 0x22:24343 | EXPECTED: BUY , SELL | RX: 0x11:BUY , 0x22:SELL | CORRECT          |  16767.50 us
[42] TX: 0x22:59648, 0x11:29115 | EXPECTED: BUY , SELL | RX: 0x22:BUY , 0x11:SELL | CORRECT          |  16753.80 us
[43] TX: 0x11:24658, 0x22:24162 | EXPECTED: SELL, SELL | RX: 0x11:SELL, 0x22:SELL | CORRECT          |  16853.00 us
[44] TX: 0x11:26033, 0x22:27364 | EXPECTED: SELL, SELL | RX: 0x11:SELL, 0x22:SELL | CORRECT          |  17299.10 us
[45] TX: 0x11:34520, 0x22:38386 | EXPECTED: BUY , BUY  | RX: 0x11:BUY , 0x22:BUY  | CORRECT          |  16509.20 us
[46] TX: 0x22:55260, 0x11:4750 | EXPECTED: BUY , SELL | RX: 0x22:BUY , 0x11:SELL | CORRECT          |  16876.40 us
[47] TX: 0x22:21761, 0x11:58450 | EXPECTED: SELL, BUY  | RX: 0x22:SELL, 0x11:BUY  | CORRECT          |  16770.80 us
[48] TX: 0x22:45680, 0x11:15390 | EXPECTED: BUY , SELL | RX: 0x22:BUY , 0x11:SELL | CORRECT          |  17024.60 us
[49] TX: 0x11:4640, 0x22:10379 | EXPECTED: SELL, SELL | RX: 0x11:SELL, 0x22:SELL | CORRECT          |  16613.70 us
[50] TX: 0x22:8791, 0x11:42882 | EXPECTED: SELL, BUY  | RX: 0x22:SELL, 0x11:BUY  | CORRECT          |  16852.20 us
[51] TX: 0x11:43602, 0x22:3259 | EXPECTED: BUY , SELL | RX: 0x11:BUY , 0x22:SELL | CORRECT          |  16989.50 us
[52] TX: 0x11:43206, 0x22:41019 | EXPECTED: BUY , BUY  | RX: 0x11:BUY , 0x22:BUY  | CORRECT          |  16822.70 us
[53] TX: 0x11:31233, 0x22:40145 | EXPECTED: SELL, BUY  | RX: 0x11:SELL, 0x22:BUY  | CORRECT          |  16875.80 us
[54] TX: 0x22:13445, 0x11:51221 | EXPECTED: SELL, BUY  | RX: 0x22:SELL, 0x11:BUY  | CORRECT          |  16806.90 us
[55] TX: 0x22:64662, 0x11:59146 | EXPECTED: BUY , BUY  | RX: 0x22:BUY , 0x11:BUY  | CORRECT          |  17003.10 us
[56] TX: 0x11:51046, 0x22:46231 | EXPECTED: BUY , BUY  | RX: 0x11:BUY , 0x22:BUY  | CORRECT          |  16866.80 us
[57] TX: 0x11:33049, 0x22:37095 | EXPECTED: SELL, BUY  | RX: 0x11:SELL, 0x22:BUY  | CORRECT          |  16848.40 us
[58] TX: 0x22:36332, 0x11:23491 | EXPECTED: BUY , SELL | RX: 0x22:BUY , 0x11:SELL | CORRECT          |  16922.20 us
[59] TX: 0x11:39708, 0x22:11802 | EXPECTED: BUY , SELL | RX: 0x11:BUY , 0x22:SELL | CORRECT          |  16837.70 us
[60] TX: 0x22:1871, 0x11:6235 | EXPECTED: SELL, SELL | RX: 0x22:SELL, 0x11:SELL | CORRECT          |  16896.90 us
[61] TX: 0x22:50312, 0x11:52209 | EXPECTED: BUY , BUY  | RX: 0x22:BUY , 0x11:BUY  | CORRECT          |  16954.60 us
[62] TX: 0x11:64749, 0x22:3805 | EXPECTED: BUY , SELL | RX: 0x11:BUY , 0x22:SELL | CORRECT          |  16662.50 us
[63] TX: 0x22:60666, 0x11:22404 | EXPECTED: BUY , SELL | RX: 0x22:BUY , 0x11:SELL | CORRECT          |  16928.00 us
[64] TX: 0x11:15775, 0x22:59839 | EXPECTED: SELL, BUY  | RX: 0x11:SELL, 0x22:BUY  | CORRECT          |  16895.30 us
[65] TX: 0x11:44616, 0x22:19740 | EXPECTED: BUY , SELL | RX: 0x11:BUY , 0x22:SELL | CORRECT          |  16902.50 us
[66] TX: 0x11:15673, 0x22:14552 | EXPECTED: SELL, SELL | RX: 0x11:SELL, 0x22:SELL | CORRECT          |  16857.90 us
[67] TX: 0x11:13733, 0x22:27144 | EXPECTED: SELL, SELL | RX: 0x11:SELL, 0x22:SELL | CORRECT          |  16833.10 us
[68] TX: 0x11:12428, 0x22:18056 | EXPECTED: SELL, SELL | RX: 0x11:SELL, 0x22:SELL | CORRECT          |  17017.40 us
[69] TX: 0x22:6817, 0x11:2026 | EXPECTED: SELL, SELL | RX: 0x22:SELL, 0x11:SELL | CORRECT          |  16758.80 us
[70] TX: 0x22:9010, 0x11:6862 | EXPECTED: SELL, SELL | RX: 0x22:SELL, 0x11:SELL | CORRECT          |  16868.10 us
[71] TX: 0x22:43536, 0x11:12894 | EXPECTED: BUY , SELL | RX: 0x22:BUY , 0x11:SELL | CORRECT          |  16850.10 us
[72] TX: 0x11:22947, 0x22:9159 | EXPECTED: SELL, SELL | RX: 0x11:SELL, 0x22:SELL | CORRECT          |  16952.90 us
[73] TX: 0x11:56233, 0x22:39947 | EXPECTED: BUY , BUY  | RX: 0x11:BUY , 0x22:BUY  | CORRECT          |  16788.60 us
[74] TX: 0x22:36310, 0x11:64887 | EXPECTED: BUY , BUY  | RX: 0x22:BUY , 0x11:BUY  | CORRECT          |  16818.10 us
[75] TX: 0x11:52834, 0x22:56563 | EXPECTED: BUY , BUY  | RX: 0x11:BUY , 0x22:BUY  | CORRECT          |  16962.40 us
[76] TX: 0x22:15022, 0x11:52396 | EXPECTED: SELL, BUY  | RX: 0x22:SELL, 0x11:BUY  | CORRECT          |  16858.10 us
[77] TX: 0x22:1417, 0x11:62045 | EXPECTED: SELL, BUY  | RX: 0x22:SELL, 0x11:BUY  | CORRECT          |  16823.00 us
[78] TX: 0x11:38533, 0x22:4877 | EXPECTED: BUY , SELL | RX: 0x11:BUY , 0x22:SELL | CORRECT          |  16887.50 us
[79] TX: 0x11:43664, 0x22:29555 | EXPECTED: BUY , BUY  | RX: 0x11:BUY , 0x22:BUY  | CORRECT          |  16779.60 us
[80] TX: 0x22:31680, 0x11:21710 | EXPECTED: BUY , SELL | RX: 0x22:BUY , 0x11:SELL | CORRECT          |  16974.10 us
[81] TX: 0x11:61140, 0x22:13966 | EXPECTED: BUY , SELL | RX: 0x11:BUY , 0x22:SELL | CORRECT          |  16998.20 us
[82] TX: 0x22:52372, 0x11:64259 | EXPECTED: BUY , BUY  | RX: 0x22:BUY , 0x11:BUY  | CORRECT          |  16906.30 us
[83] TX: 0x11:34321, 0x22:6351 | EXPECTED: SELL, SELL | RX: 0x11:SELL, 0x22:SELL | CORRECT          |  16888.70 us
[84] TX: 0x11:14730, 0x22:36341 | EXPECTED: SELL, BUY  | RX: 0x11:SELL, 0x22:BUY  | CORRECT          |  16774.70 us
[85] TX: 0x22:31470, 0x11:44968 | EXPECTED: BUY , BUY  | RX: 0x22:BUY , 0x11:BUY  | CORRECT          |  17090.40 us
[86] TX: 0x22:57598, 0x11:55951 | EXPECTED: BUY , BUY  | RX: 0x22:BUY , 0x11:BUY  | CORRECT          |  16820.10 us
[87] TX: 0x22:15303, 0x11:34533 | EXPECTED: SELL, SELL | RX: 0x22:SELL, 0x11:SELL | CORRECT          |  16720.40 us
[88] TX: 0x22:31454, 0x11:4694 | EXPECTED: BUY , SELL | RX: 0x22:BUY , 0x11:SELL | CORRECT          |  16842.60 us
[89] TX: 0x11:50346, 0x22:29129 | EXPECTED: BUY , BUY  | RX: 0x11:BUY , 0x22:BUY  | CORRECT          |  16846.50 us
[90] TX: 0x11:15133, 0x22:64160 | EXPECTED: SELL, BUY  | RX: 0x11:SELL, 0x22:BUY  | CORRECT          |  16959.00 us
[91] TX: 0x22:51112, 0x11:39227 | EXPECTED: BUY , SELL | RX: 0x22:BUY , 0x11:SELL | CORRECT          |  16864.20 us
[92] TX: 0x22:34637, 0x11:22712 | EXPECTED: BUY , SELL | RX: 0x22:BUY , 0x11:SELL | CORRECT          |  16859.40 us
[93] TX: 0x22:46611, 0x11:31629 | EXPECTED: BUY , SELL | RX: 0x22:BUY , 0x11:SELL | CORRECT          |  16849.80 us
[94] TX: 0x22:50354, 0x11:10621 | EXPECTED: BUY , SELL | RX: 0x22:BUY , 0x11:SELL | CORRECT          |  16871.90 us
[95] TX: 0x22:47725, 0x11:44289 | EXPECTED: BUY , BUY  | RX: 0x22:BUY , 0x11:BUY  | CORRECT          |  16830.30 us
[96] TX: 0x22:39649, 0x11:39232 | EXPECTED: BUY , BUY  | RX: 0x22:BUY , 0x11:BUY  | CORRECT          |  16836.60 us
[97] TX: 0x22:59066, 0x11:63377 | EXPECTED: BUY , BUY  | RX: 0x22:BUY , 0x11:BUY  | CORRECT          |  16806.00 us
[98] TX: 0x11:59466, 0x22:54907 | EXPECTED: BUY , BUY  | RX: 0x11:BUY , 0x22:BUY  | CORRECT          |  16915.40 us
[99] TX: 0x22:32365, 0x11:17294 | EXPECTED: SELL, SELL | RX: 0x22:SELL, 0x11:SELL | CORRECT          |  16922.20 us

========================================
FINAL TEST RESULTS
========================================
Requested packets: 100
Packets successfully received: 100
Warm-up packets ignored: 16
Scored packets (fixed): 84
Correct packets: 84
Packet correctness: 100.00%
Correct individual actions: 168/168
Action correctness: 100.00%
Timeouts: 0
Estimated correctness points: 70.0 / 70
Average successful round-trip latency: 16860.97 us
Average successful round-trip latency: 16.861 ms
UART port: COM6
UART baud rate: 115200
Practice seed: 0x1F00D16B
CSV output: trade_results_100_fullrange.csv
Summary output: trade_summary_100_fullrange.txt
========================================

