
Generated 100 packets (84 scored, 168 scored actions).
Opening COM6 at 115200 baud...

[00] TX: 0x11:60957, 0x22:45024 | EXPECTED: --- , ---  | RX: 0x11:NONE, 0x22:NONE | IGNORED_WARMUP   |  16779.50 us
[01] TX: 0x11:59799, 0x22:56823 | EXPECTED: --- , ---  | RX: 0x11:NONE, 0x22:NONE | IGNORED_WARMUP   |  16786.10 us
[02] TX: 0x11:9850, 0x22:58489 | EXPECTED: --- , ---  | RX: 0x11:NONE, 0x22:NONE | IGNORED_WARMUP   |  16820.80 us
[03] TX: 0x11:48808, 0x22:10112 | EXPECTED: --- , ---  | RX: 0x11:NONE, 0x22:NONE | IGNORED_WARMUP   |  16950.20 us
[04] TX: 0x11:5883, 0x22:36300 | EXPECTED: --- , ---  | RX: 0x11:NONE, 0x22:NONE | IGNORED_WARMUP   |  16690.30 us
[05] TX: 0x11:36735, 0x22:3111 | EXPECTED: --- , ---  | RX: 0x11:NONE, 0x22:NONE | IGNORED_WARMUP   |  17075.70 us
[06] TX: 0x11:15804, 0x22:62655 | EXPECTED: --- , ---  | RX: 0x11:NONE, 0x22:NONE | IGNORED_WARMUP   |  17069.90 us
[07] TX: 0x11:46821, 0x22:2780 | EXPECTED: --- , ---  | RX: 0x11:NONE, 0x22:NONE | IGNORED_WARMUP   |  17056.30 us
[08] TX: 0x11:35590, 0x22:29591 | EXPECTED: --- , ---  | RX: 0x11:NONE, 0x22:NONE | IGNORED_WARMUP   |  16241.80 us
[09] TX: 0x11:46652, 0x22:11036 | EXPECTED: --- , ---  | RX: 0x11:NONE, 0x22:NONE | IGNORED_WARMUP   |  16995.20 us
[10] TX: 0x11:39129, 0x22:26831 | EXPECTED: --- , ---  | RX: 0x11:NONE, 0x22:NONE | IGNORED_WARMUP   |  17417.80 us
[11] TX: 0x11:33128, 0x22:8007 | EXPECTED: --- , ---  | RX: 0x11:NONE, 0x22:NONE | IGNORED_WARMUP   |  16193.40 us
[12] TX: 0x11:7736, 0x22:58842 | EXPECTED: --- , ---  | RX: 0x11:NONE, 0x22:NONE | IGNORED_WARMUP   |  16969.70 us
[13] TX: 0x11:32397, 0x22:37237 | EXPECTED: --- , ---  | RX: 0x11:NONE, 0x22:NONE | IGNORED_WARMUP   |  17500.70 us
[14] TX: 0x11:35339, 0x22:2904 | EXPECTED: --- , ---  | RX: 0x11:NONE, 0x22:NONE | IGNORED_WARMUP   |  16546.50 us
[15] TX: 0x11:57705, 0x22:39553 | EXPECTED: --- , ---  | RX: 0x11:NONE, 0x22:NONE | IGNORED_WARMUP   |  17062.20 us
[16] TX: 0x11:52981, 0x22:64932 | EXPECTED: NONE, NONE | RX: 0x11:NONE, 0x22:NONE | CORRECT          |  16312.70 us
[17] TX: 0x11:54359, 0x22:15692 | EXPECTED: NONE, SELL | RX: 0x11:NONE, 0x22:SELL | CORRECT          |  17492.00 us
[18] TX: 0x22:41575, 0x11:4296 | EXPECTED: BUY , SELL | RX: 0x22:BUY , 0x11:SELL | CORRECT          |  16065.20 us
[19] TX: 0x11:10336, 0x22:55531 | EXPECTED: SELL, BUY  | RX: 0x11:SELL, 0x22:BUY  | CORRECT          |  16851.80 us
[20] TX: 0x11:16721, 0x22:38152 | EXPECTED: SELL, BUY  | RX: 0x11:SELL, 0x22:BUY  | CORRECT          |  16807.00 us
[21] TX: 0x22:25737, 0x11:23215 | EXPECTED: SELL, SELL | RX: 0x22:SELL, 0x11:SELL | CORRECT          |  17203.80 us
[22] TX: 0x11:4936, 0x22:29688 | EXPECTED: SELL, SELL | RX: 0x11:SELL, 0x22:SELL | CORRECT          |  16621.80 us
[23] TX: 0x11:14036, 0x22:63022 | EXPECTED: SELL, BUY  | RX: 0x11:SELL, 0x22:BUY  | CORRECT          |  16635.00 us
[24] TX: 0x22:3579, 0x11:47587 | EXPECTED: SELL, BUY  | RX: 0x22:SELL, 0x11:BUY  | CORRECT          |  16955.70 us
[25] TX: 0x11:39554, 0x22:52334 | EXPECTED: BUY , BUY  | RX: 0x11:BUY , 0x22:BUY  | CORRECT          |  16718.10 us
[26] TX: 0x22:41736, 0x11:14046 | EXPECTED: BUY , SELL | RX: 0x22:BUY , 0x11:SELL | CORRECT          |  16882.50 us
[27] TX: 0x11:9969, 0x22:15538 | EXPECTED: SELL, SELL | RX: 0x11:SELL, 0x22:SELL | CORRECT          |  16947.90 us
[28] TX: 0x11:9630, 0x22:9591 | EXPECTED: SELL, SELL | RX: 0x11:SELL, 0x22:SELL | CORRECT          |  16787.40 us
[29] TX: 0x11:53389, 0x22:4578 | EXPECTED: BUY , SELL | RX: 0x11:BUY , 0x22:SELL | CORRECT          |  16829.50 us
[30] TX: 0x22:23060, 0x11:3129 | EXPECTED: SELL, SELL | RX: 0x22:SELL, 0x11:SELL | CORRECT          |  16814.70 us
[31] TX: 0x11:45910, 0x22:45288 | EXPECTED: BUY , BUY  | RX: 0x11:BUY , 0x22:BUY  | CORRECT          |  17505.40 us
[32] TX: 0x11:12270, 0x22:8201 | EXPECTED: SELL, SELL | RX: 0x11:SELL, 0x22:SELL | CORRECT          |  16414.40 us
[33] TX: 0x11:57480, 0x22:62519 | EXPECTED: BUY , BUY  | RX: 0x11:BUY , 0x22:BUY  | CORRECT          |  17001.20 us
[34] TX: 0x11:22978, 0x22:17602 | EXPECTED: SELL, SELL | RX: 0x11:SELL, 0x22:SELL | CORRECT          |  16330.50 us
[35] TX: 0x22:40365, 0x11:37114 | EXPECTED: BUY , BUY  | RX: 0x22:BUY , 0x11:BUY  | CORRECT          |  17055.90 us
[36] TX: 0x22:49030, 0x11:59014 | EXPECTED: BUY , BUY  | RX: 0x22:BUY , 0x11:BUY  | CORRECT          |  16620.00 us
[37] TX: 0x22:10255, 0x11:19295 | EXPECTED: SELL, SELL | RX: 0x22:SELL, 0x11:SELL | CORRECT          |  17030.60 us
[38] TX: 0x11:14747, 0x22:25687 | EXPECTED: SELL, SELL | RX: 0x11:SELL, 0x22:SELL | CORRECT          |  16809.90 us
[39] TX: 0x22:1578, 0x11:58495 | EXPECTED: SELL, BUY  | RX: 0x22:SELL, 0x11:BUY  | CORRECT          |  16695.50 us
[40] TX: 0x11:58641, 0x22:54784 | EXPECTED: BUY , BUY  | RX: 0x11:BUY , 0x22:BUY  | CORRECT          |  16909.60 us
[41] TX: 0x11:38933, 0x22:24343 | EXPECTED: BUY , SELL | RX: 0x11:BUY , 0x22:SELL | CORRECT          |  17395.70 us
[42] TX: 0x22:59648, 0x11:29115 | EXPECTED: BUY , SELL | RX: 0x22:BUY , 0x11:SELL | CORRECT          |  16272.40 us
[43] TX: 0x11:24658, 0x22:24162 | EXPECTED: SELL, SELL | RX: 0x11:SELL, 0x22:SELL | CORRECT          |  16998.20 us
[44] TX: 0x11:26033, 0x22:27364 | EXPECTED: SELL, SELL | RX: 0x11:SELL, 0x22:SELL | CORRECT          |  17152.80 us
[45] TX: 0x11:34520, 0x22:38386 | EXPECTED: BUY , BUY  | RX: 0x11:BUY , 0x22:BUY  | CORRECT          |  17236.20 us
[46] TX: 0x22:55260, 0x11:4750 | EXPECTED: BUY , SELL | RX: 0x22:BUY , 0x11:SELL | CORRECT          |  16085.10 us
[47] TX: 0x22:21761, 0x11:58450 | EXPECTED: SELL, BUY  | RX: 0x22:SELL, 0x11:BUY  | CORRECT          |  16788.70 us
[48] TX: 0x22:45680, 0x11:15390 | EXPECTED: BUY , SELL | RX: 0x22:BUY , 0x11:SELL | CORRECT          |  16733.60 us
[49] TX: 0x11:4640, 0x22:10379 | EXPECTED: SELL, SELL | RX: 0x11:SELL, 0x22:SELL | CORRECT          |  16923.30 us
[50] TX: 0x22:8791, 0x11:42882 | EXPECTED: SELL, BUY  | RX: 0x22:SELL, 0x11:BUY  | CORRECT          |  16855.10 us
[51] TX: 0x11:43602, 0x22:3259 | EXPECTED: BUY , SELL | RX: 0x11:BUY , 0x22:SELL | CORRECT          |  16980.20 us
[52] TX: 0x11:43206, 0x22:41019 | EXPECTED: BUY , BUY  | RX: 0x11:BUY , 0x22:BUY  | CORRECT          |  16967.90 us
[53] TX: 0x11:31233, 0x22:40145 | EXPECTED: SELL, BUY  | RX: 0x11:SELL, 0x22:BUY  | CORRECT          |  16764.40 us
[54] TX: 0x22:13445, 0x11:51221 | EXPECTED: SELL, BUY  | RX: 0x22:SELL, 0x11:BUY  | CORRECT          |  16839.00 us
[55] TX: 0x22:64662, 0x11:59146 | EXPECTED: BUY , BUY  | RX: 0x22:BUY , 0x11:BUY  | CORRECT          |  17179.70 us
[56] TX: 0x11:51046, 0x22:46231 | EXPECTED: BUY , BUY  | RX: 0x11:BUY , 0x22:BUY  | CORRECT          |  16918.50 us
[57] TX: 0x11:33049, 0x22:37095 | EXPECTED: SELL, BUY  | RX: 0x11:SELL, 0x22:BUY  | CORRECT          |  16850.20 us
[58] TX: 0x22:36332, 0x11:23491 | EXPECTED: BUY , SELL | RX: 0x22:BUY , 0x11:SELL | CORRECT          |  17264.10 us
[59] TX: 0x11:39708, 0x22:11802 | EXPECTED: BUY , SELL | RX: 0x11:BUY , 0x22:SELL | CORRECT          |  16711.00 us
[60] TX: 0x22:1871, 0x11:6235 | EXPECTED: SELL, SELL | RX: 0x22:SELL, 0x11:SELL | CORRECT          |  17017.60 us
[61] TX: 0x22:50312, 0x11:52209 | EXPECTED: BUY , BUY  | RX: 0x22:BUY , 0x11:BUY  | CORRECT          |  16551.70 us
[62] TX: 0x11:64749, 0x22:3805 | EXPECTED: BUY , SELL | RX: 0x11:BUY , 0x22:SELL | CORRECT          |  16338.40 us
[63] TX: 0x22:60666, 0x11:22404 | EXPECTED: BUY , SELL | RX: 0x22:BUY , 0x11:SELL | CORRECT          |  17470.90 us
[64] TX: 0x11:15775, 0x22:59839 | EXPECTED: SELL, BUY  | RX: 0x11:SELL, 0x22:BUY  | CORRECT          |  16265.90 us
[65] TX: 0x11:44616, 0x22:19740 | EXPECTED: BUY , SELL | RX: 0x11:BUY , 0x22:SELL | CORRECT          |  16860.20 us
[66] TX: 0x11:15673, 0x22:14552 | EXPECTED: SELL, SELL | RX: 0x11:SELL, 0x22:SELL | CORRECT          |  16751.40 us
[67] TX: 0x11:13733, 0x22:27144 | EXPECTED: SELL, SELL | RX: 0x11:SELL, 0x22:SELL | CORRECT          |  16917.20 us
[68] TX: 0x11:12428, 0x22:18056 | EXPECTED: SELL, SELL | RX: 0x11:SELL, 0x22:SELL | CORRECT          |  16754.30 us
[69] TX: 0x22:6817, 0x11:2026 | EXPECTED: SELL, SELL | RX: 0x22:SELL, 0x11:SELL | CORRECT          |  17068.30 us
[70] TX: 0x22:9010, 0x11:6862 | EXPECTED: SELL, SELL | RX: 0x22:SELL, 0x11:SELL | CORRECT          |  16760.40 us
[71] TX: 0x22:43536, 0x11:12894 | EXPECTED: BUY , SELL | RX: 0x22:BUY , 0x11:SELL | CORRECT          |  16854.90 us
[72] TX: 0x11:22947, 0x22:9159 | EXPECTED: SELL, SELL | RX: 0x11:SELL, 0x22:SELL | CORRECT          |  16778.10 us
[73] TX: 0x11:56233, 0x22:39947 | EXPECTED: BUY , BUY  | RX: 0x11:BUY , 0x22:BUY  | CORRECT          |  16760.10 us
[74] TX: 0x22:36310, 0x11:64887 | EXPECTED: BUY , BUY  | RX: 0x22:BUY , 0x11:BUY  | CORRECT          |  16907.90 us
[75] TX: 0x11:52834, 0x22:56563 | EXPECTED: BUY , BUY  | RX: 0x11:BUY , 0x22:BUY  | CORRECT          |  16892.20 us
[76] TX: 0x22:15022, 0x11:52396 | EXPECTED: SELL, BUY  | RX: 0x22:SELL, 0x11:BUY  | CORRECT          |  16850.90 us
[77] TX: 0x22:1417, 0x11:62045 | EXPECTED: SELL, BUY  | RX: 0x22:SELL, 0x11:BUY  | CORRECT          |  16744.70 us
[78] TX: 0x11:38533, 0x22:4877 | EXPECTED: BUY , SELL | RX: 0x11:BUY , 0x22:SELL | CORRECT          |  16935.20 us
[79] TX: 0x11:43664, 0x22:29555 | EXPECTED: BUY , BUY  | RX: 0x11:BUY , 0x22:BUY  | CORRECT          |  16928.20 us
[80] TX: 0x22:31680, 0x11:21710 | EXPECTED: BUY , SELL | RX: 0x22:BUY , 0x11:SELL | CORRECT          |  16761.50 us
[81] TX: 0x11:61140, 0x22:13966 | EXPECTED: BUY , SELL | RX: 0x11:BUY , 0x22:SELL | CORRECT          |  16915.80 us
[82] TX: 0x22:52372, 0x11:64259 | EXPECTED: BUY , BUY  | RX: 0x22:BUY , 0x11:BUY  | CORRECT          |  16826.50 us
[83] TX: 0x11:34321, 0x22:6351 | EXPECTED: SELL, SELL | RX: 0x11:SELL, 0x22:SELL | CORRECT          |  17064.20 us
[84] TX: 0x11:14730, 0x22:36341 | EXPECTED: SELL, BUY  | RX: 0x11:SELL, 0x22:BUY  | CORRECT          |  16828.30 us
[85] TX: 0x22:31470, 0x11:44968 | EXPECTED: BUY , BUY  | RX: 0x22:BUY , 0x11:BUY  | CORRECT          |  16679.20 us
[86] TX: 0x22:57598, 0x11:55951 | EXPECTED: BUY , BUY  | RX: 0x22:BUY , 0x11:BUY  | CORRECT          |  17127.00 us
[87] TX: 0x22:15303, 0x11:34533 | EXPECTED: SELL, SELL | RX: 0x22:SELL, 0x11:SELL | CORRECT          |  16833.60 us
[88] TX: 0x22:31454, 0x11:4694 | EXPECTED: BUY , SELL | RX: 0x22:BUY , 0x11:SELL | CORRECT          |  16911.60 us
[89] TX: 0x11:50346, 0x22:29129 | EXPECTED: BUY , BUY  | RX: 0x11:BUY , 0x22:BUY  | CORRECT          |  16685.00 us
[90] TX: 0x11:15133, 0x22:64160 | EXPECTED: SELL, BUY  | RX: 0x11:SELL, 0x22:BUY  | CORRECT          |  16766.30 us
[91] TX: 0x22:51112, 0x11:39227 | EXPECTED: BUY , SELL | RX: 0x22:BUY , 0x11:SELL | CORRECT          |  16802.90 us
[92] TX: 0x22:34637, 0x11:22712 | EXPECTED: BUY , SELL | RX: 0x22:BUY , 0x11:SELL | CORRECT          |  16930.90 us
[93] TX: 0x22:46611, 0x11:31629 | EXPECTED: BUY , SELL | RX: 0x22:BUY , 0x11:SELL | CORRECT          |  17000.10 us
[94] TX: 0x22:50354, 0x11:10621 | EXPECTED: BUY , SELL | RX: 0x22:BUY , 0x11:SELL | CORRECT          |  16669.30 us
[95] TX: 0x22:47725, 0x11:44289 | EXPECTED: BUY , BUY  | RX: 0x22:BUY , 0x11:BUY  | CORRECT          |  16993.30 us
[96] TX: 0x22:39649, 0x11:39232 | EXPECTED: BUY , BUY  | RX: 0x22:BUY , 0x11:BUY  | CORRECT          |  16858.20 us
[97] TX: 0x22:59066, 0x11:63377 | EXPECTED: BUY , BUY  | RX: 0x22:BUY , 0x11:BUY  | CORRECT          |  16851.10 us
[98] TX: 0x11:59466, 0x22:54907 | EXPECTED: BUY , BUY  | RX: 0x11:BUY , 0x22:BUY  | CORRECT          |  16826.20 us
[99] TX: 0x22:32365, 0x11:17294 | EXPECTED: SELL, SELL | RX: 0x22:SELL, 0x11:SELL | CORRECT          |  16770.40 us

========================================
FINAL TEST RESULTS
========================================
Requested packets: 100
Packets successfully received: 100
Warm-up packets ignored: 16
Scored packets (fixed): 84
Correct packets: 84
Packet correctness: 100.00%
Correct individual actions: 168/168
Action correctness: 100.00%
Timeouts: 0
Estimated correctness points: 70.0 / 70
Average successful round-trip latency: 16848.80 us
Average successful round-trip latency: 16.849 ms
UART port: COM6
UART baud rate: 115200
Practice seed: 0x1F00D16B
CSV output: trade_results_100_fullrange.csv
Summary output: trade_summary_100_fullrange.txt
========================================

