
Generated 100 packets (84 scored, 168 scored actions).
Opening COM6 at 115200 baud...

[00] TX: 0x11:60957, 0x22:45024 | EXPECTED: --- , ---  | RX: 0x11:NONE, 0x22:NONE | IGNORED_WARMUP   |  17755.60 us
[01] TX: 0x11:59799, 0x22:56823 | EXPECTED: --- , ---  | RX: 0x11:NONE, 0x22:NONE | IGNORED_WARMUP   |  16585.50 us
[02] TX: 0x11:9850, 0x22:58489 | EXPECTED: --- , ---  | RX: 0x11:NONE, 0x22:NONE | IGNORED_WARMUP   |  16865.90 us
[03] TX: 0x11:48808, 0x22:10112 | EXPECTED: --- , ---  | RX: 0x11:NONE, 0x22:NONE | IGNORED_WARMUP   |  17303.20 us
[04] TX: 0x11:5883, 0x22:36300 | EXPECTED: --- , ---  | RX: 0x11:NONE, 0x22:NONE | IGNORED_WARMUP   |  17023.90 us
[05] TX: 0x11:36735, 0x22:3111 | EXPECTED: --- , ---  | RX: 0x11:NONE, 0x22:NONE | IGNORED_WARMUP   |  16195.10 us
[06] TX: 0x11:15804, 0x22:62655 | EXPECTED: --- , ---  | RX: 0x11:NONE, 0x22:NONE | IGNORED_WARMUP   |  17445.40 us
[07] TX: 0x11:46821, 0x22:2780 | EXPECTED: --- , ---  | RX: 0x11:NONE, 0x22:NONE | IGNORED_WARMUP   |  16340.30 us
[08] TX: 0x11:35590, 0x22:29591 | EXPECTED: --- , ---  | RX: 0x11:NONE, 0x22:NONE | IGNORED_WARMUP   |  16711.70 us
[09] TX: 0x11:46652, 0x22:11036 | EXPECTED: --- , ---  | RX: 0x11:NONE, 0x22:NONE | IGNORED_WARMUP   |  16954.00 us
[10] TX: 0x11:39129, 0x22:26831 | EXPECTED: --- , ---  | RX: 0x11:NONE, 0x22:NONE | IGNORED_WARMUP   |  16896.80 us
[11] TX: 0x11:33128, 0x22:8007 | EXPECTED: --- , ---  | RX: 0x11:NONE, 0x22:NONE | IGNORED_WARMUP   |  16801.30 us
[12] TX: 0x11:7736, 0x22:58842 | EXPECTED: --- , ---  | RX: 0x11:NONE, 0x22:NONE | IGNORED_WARMUP   |  16796.60 us
[13] TX: 0x11:32397, 0x22:37237 | EXPECTED: --- , ---  | RX: 0x11:NONE, 0x22:NONE | IGNORED_WARMUP   |  16848.80 us
[14] TX: 0x11:35339, 0x22:2904 | EXPECTED: --- , ---  | RX: 0x11:NONE, 0x22:NONE | IGNORED_WARMUP   |  16782.70 us
[15] TX: 0x11:57705, 0x22:39553 | EXPECTED: --- , ---  | RX: 0x11:NONE, 0x22:NONE | IGNORED_WARMUP   |  16802.00 us
[16] TX: 0x11:52981, 0x22:64932 | EXPECTED: NONE, NONE | RX: 0x11:NONE, 0x22:NONE | CORRECT          |  16906.70 us
[17] TX: 0x11:54359, 0x22:15692 | EXPECTED: NONE, SELL | RX: 0x11:NONE, 0x22:SELL | CORRECT          |  16800.50 us
[18] TX: 0x22:41575, 0x11:4296 | EXPECTED: BUY , SELL | RX: 0x22:BUY , 0x11:SELL | CORRECT          |  16954.90 us
[19] TX: 0x11:10336, 0x22:55531 | EXPECTED: SELL, BUY  | RX: 0x11:SELL, 0x22:BUY  | CORRECT          |  16921.50 us
[20] TX: 0x11:16721, 0x22:38152 | EXPECTED: SELL, BUY  | RX: 0x11:SELL, 0x22:BUY  | CORRECT          |  17301.00 us
[21] TX: 0x22:25737, 0x11:23215 | EXPECTED: SELL, SELL | RX: 0x22:SELL, 0x11:SELL | CORRECT          |  16494.10 us
[22] TX: 0x11:4936, 0x22:29688 | EXPECTED: SELL, SELL | RX: 0x11:SELL, 0x22:SELL | CORRECT          |  16856.10 us
[23] TX: 0x11:14036, 0x22:63022 | EXPECTED: SELL, BUY  | RX: 0x11:SELL, 0x22:BUY  | CORRECT          |  16687.60 us
[24] TX: 0x22:3579, 0x11:47587 | EXPECTED: SELL, BUY  | RX: 0x22:SELL, 0x11:BUY  | CORRECT          |  16918.60 us
[25] TX: 0x11:39554, 0x22:52334 | EXPECTED: BUY , BUY  | RX: 0x11:BUY , 0x22:BUY  | CORRECT          |  16812.70 us
[26] TX: 0x22:41736, 0x11:14046 | EXPECTED: BUY , SELL | RX: 0x22:BUY , 0x11:SELL | CORRECT          |  16873.20 us
[27] TX: 0x11:9969, 0x22:15538 | EXPECTED: SELL, SELL | RX: 0x11:SELL, 0x22:SELL | CORRECT          |  16900.90 us
[28] TX: 0x11:9630, 0x22:9591 | EXPECTED: SELL, SELL | RX: 0x11:SELL, 0x22:SELL | CORRECT          |  16824.50 us
[29] TX: 0x11:53389, 0x22:4578 | EXPECTED: BUY , SELL | RX: 0x11:BUY , 0x22:SELL | CORRECT          |  16897.80 us
[30] TX: 0x22:23060, 0x11:3129 | EXPECTED: SELL, SELL | RX: 0x22:SELL, 0x11:SELL | CORRECT          |  16870.90 us
[31] TX: 0x11:45910, 0x22:45288 | EXPECTED: BUY , BUY  | RX: 0x11:BUY , 0x22:BUY  | CORRECT          |  16837.60 us
[32] TX: 0x11:12270, 0x22:8201 | EXPECTED: SELL, SELL | RX: 0x11:SELL, 0x22:SELL | CORRECT          |  16673.40 us
[33] TX: 0x11:57480, 0x22:62519 | EXPECTED: BUY , BUY  | RX: 0x11:BUY , 0x22:BUY  | CORRECT          |  16876.10 us
[34] TX: 0x11:22978, 0x22:17602 | EXPECTED: SELL, SELL | RX: 0x11:SELL, 0x22:SELL | CORRECT          |  16869.80 us
[35] TX: 0x22:40365, 0x11:37114 | EXPECTED: BUY , BUY  | RX: 0x22:BUY , 0x11:BUY  | CORRECT          |  16911.80 us
[36] TX: 0x22:49030, 0x11:59014 | EXPECTED: BUY , BUY  | RX: 0x22:BUY , 0x11:BUY  | CORRECT          |  16992.10 us
[37] TX: 0x22:10255, 0x11:19295 | EXPECTED: SELL, SELL | RX: 0x22:SELL, 0x11:SELL | CORRECT          |  17197.10 us
[38] TX: 0x11:14747, 0x22:25687 | EXPECTED: SELL, SELL | RX: 0x11:SELL, 0x22:SELL | CORRECT          |  17034.70 us
[39] TX: 0x22:1578, 0x11:58495 | EXPECTED: SELL, BUY  | RX: 0x22:SELL, 0x11:BUY  | CORRECT          |  16549.30 us
[40] TX: 0x11:58641, 0x22:54784 | EXPECTED: BUY , BUY  | RX: 0x11:BUY , 0x22:BUY  | CORRECT          |  17124.90 us
[41] TX: 0x11:38933, 0x22:24343 | EXPECTED: BUY , SELL | RX: 0x11:BUY , 0x22:SELL | CORRECT          |  16650.50 us
[42] TX: 0x22:59648, 0x11:29115 | EXPECTED: BUY , SELL | RX: 0x22:BUY , 0x11:SELL | CORRECT          |  16593.80 us
[43] TX: 0x11:24658, 0x22:24162 | EXPECTED: SELL, SELL | RX: 0x11:SELL, 0x22:SELL | CORRECT          |  17148.30 us
[44] TX: 0x11:26033, 0x22:27364 | EXPECTED: SELL, SELL | RX: 0x11:SELL, 0x22:SELL | CORRECT          |  16497.20 us
[45] TX: 0x11:34520, 0x22:38386 | EXPECTED: BUY , BUY  | RX: 0x11:BUY , 0x22:BUY  | CORRECT          |  17388.30 us
[46] TX: 0x22:55260, 0x11:4750 | EXPECTED: BUY , SELL | RX: 0x22:BUY , 0x11:SELL | CORRECT          |  16675.90 us
[47] TX: 0x22:21761, 0x11:58450 | EXPECTED: SELL, BUY  | RX: 0x22:SELL, 0x11:BUY  | CORRECT          |  16481.40 us
[48] TX: 0x22:45680, 0x11:15390 | EXPECTED: BUY , SELL | RX: 0x22:BUY , 0x11:SELL | CORRECT          |  16777.90 us
[49] TX: 0x11:4640, 0x22:10379 | EXPECTED: SELL, SELL | RX: 0x11:SELL, 0x22:SELL | CORRECT          |  16994.50 us
[50] TX: 0x22:8791, 0x11:42882 | EXPECTED: SELL, BUY  | RX: 0x22:SELL, 0x11:BUY  | CORRECT          |  16757.30 us
[51] TX: 0x11:43602, 0x22:3259 | EXPECTED: BUY , SELL | RX: 0x11:BUY , 0x22:SELL | CORRECT          |  16981.40 us
[52] TX: 0x11:43206, 0x22:41019 | EXPECTED: BUY , BUY  | RX: 0x11:BUY , 0x22:BUY  | CORRECT          |  16518.90 us
[53] TX: 0x11:31233, 0x22:40145 | EXPECTED: SELL, BUY  | RX: 0x11:SELL, 0x22:BUY  | CORRECT          |  16864.10 us
[54] TX: 0x22:13445, 0x11:51221 | EXPECTED: SELL, BUY  | RX: 0x22:SELL, 0x11:BUY  | CORRECT          |  17542.60 us
[55] TX: 0x22:64662, 0x11:59146 | EXPECTED: BUY , BUY  | RX: 0x22:BUY , 0x11:BUY  | CORRECT          |  16830.30 us
[56] TX: 0x11:51046, 0x22:46231 | EXPECTED: BUY , BUY  | RX: 0x11:BUY , 0x22:BUY  | CORRECT          |  16450.70 us
[57] TX: 0x11:33049, 0x22:37095 | EXPECTED: SELL, BUY  | RX: 0x11:SELL, 0x22:BUY  | CORRECT          |  16729.60 us
[58] TX: 0x22:36332, 0x11:23491 | EXPECTED: BUY , SELL | RX: 0x22:BUY , 0x11:SELL | CORRECT          |  16619.30 us
[59] TX: 0x11:39708, 0x22:11802 | EXPECTED: BUY , SELL | RX: 0x11:BUY , 0x22:SELL | CORRECT          |  17041.20 us
[60] TX: 0x22:1871, 0x11:6235 | EXPECTED: SELL, SELL | RX: 0x22:SELL, 0x11:SELL | CORRECT          |  16675.40 us
[61] TX: 0x22:50312, 0x11:52209 | EXPECTED: BUY , BUY  | RX: 0x22:BUY , 0x11:BUY  | CORRECT          |  16819.90 us
[62] TX: 0x11:64749, 0x22:3805 | EXPECTED: BUY , SELL | RX: 0x11:BUY , 0x22:SELL | CORRECT          |  17390.80 us
[63] TX: 0x22:60666, 0x11:22404 | EXPECTED: BUY , SELL | RX: 0x22:BUY , 0x11:SELL | CORRECT          |  16401.60 us
[64] TX: 0x11:15775, 0x22:59839 | EXPECTED: SELL, BUY  | RX: 0x11:SELL, 0x22:BUY  | CORRECT          |  17088.80 us
[65] TX: 0x11:44616, 0x22:19740 | EXPECTED: BUY , SELL | RX: 0x11:BUY , 0x22:SELL | CORRECT          |  16894.70 us
[66] TX: 0x11:15673, 0x22:14552 | EXPECTED: SELL, SELL | RX: 0x11:SELL, 0x22:SELL | CORRECT          |  16409.10 us
[67] TX: 0x11:13733, 0x22:27144 | EXPECTED: SELL, SELL | RX: 0x11:SELL, 0x22:SELL | CORRECT          |  17039.60 us
[68] TX: 0x11:12428, 0x22:18056 | EXPECTED: SELL, SELL | RX: 0x11:SELL, 0x22:SELL | CORRECT          |  16635.30 us
[69] TX: 0x22:6817, 0x11:2026 | EXPECTED: SELL, SELL | RX: 0x22:SELL, 0x11:SELL | CORRECT          |  16999.60 us
[70] TX: 0x22:9010, 0x11:6862 | EXPECTED: SELL, SELL | RX: 0x22:SELL, 0x11:SELL | CORRECT          |  16631.80 us
[71] TX: 0x22:43536, 0x11:12894 | EXPECTED: BUY , SELL | RX: 0x22:BUY , 0x11:SELL | CORRECT          |  17463.30 us
[72] TX: 0x11:22947, 0x22:9159 | EXPECTED: SELL, SELL | RX: 0x11:SELL, 0x22:SELL | CORRECT          |  16868.60 us
[73] TX: 0x11:56233, 0x22:39947 | EXPECTED: BUY , BUY  | RX: 0x11:BUY , 0x22:BUY  | CORRECT          |  16344.90 us
[74] TX: 0x22:36310, 0x11:64887 | EXPECTED: BUY , BUY  | RX: 0x22:BUY , 0x11:BUY  | CORRECT          |  17468.40 us
[75] TX: 0x11:52834, 0x22:56563 | EXPECTED: BUY , BUY  | RX: 0x11:BUY , 0x22:BUY  | CORRECT          |  16247.80 us
[76] TX: 0x22:15022, 0x11:52396 | EXPECTED: SELL, BUY  | RX: 0x22:SELL, 0x11:BUY  | CORRECT          |  16782.60 us
[77] TX: 0x22:1417, 0x11:62045 | EXPECTED: SELL, BUY  | RX: 0x22:SELL, 0x11:BUY  | CORRECT          |  17348.00 us
[78] TX: 0x11:38533, 0x22:4877 | EXPECTED: BUY , SELL | RX: 0x11:BUY , 0x22:SELL | CORRECT          |  16364.30 us
[79] TX: 0x11:43664, 0x22:29555 | EXPECTED: BUY , BUY  | RX: 0x11:BUY , 0x22:BUY  | CORRECT          |  16901.80 us
[80] TX: 0x22:31680, 0x11:21710 | EXPECTED: BUY , SELL | RX: 0x22:BUY , 0x11:SELL | CORRECT          |  16635.60 us
[81] TX: 0x11:61140, 0x22:13966 | EXPECTED: BUY , SELL | RX: 0x11:BUY , 0x22:SELL | CORRECT          |  17386.70 us
[82] TX: 0x22:52372, 0x11:64259 | EXPECTED: BUY , BUY  | RX: 0x22:BUY , 0x11:BUY  | CORRECT          |  16366.40 us
[83] TX: 0x11:34321, 0x22:6351 | EXPECTED: SELL, SELL | RX: 0x11:SELL, 0x22:SELL | CORRECT          |  16649.30 us
[84] TX: 0x11:14730, 0x22:36341 | EXPECTED: SELL, BUY  | RX: 0x11:SELL, 0x22:BUY  | CORRECT          |  16916.80 us
[85] TX: 0x22:31470, 0x11:44968 | EXPECTED: BUY , BUY  | RX: 0x22:BUY , 0x11:BUY  | CORRECT          |  16806.40 us
[86] TX: 0x22:57598, 0x11:55951 | EXPECTED: BUY , BUY  | RX: 0x22:BUY , 0x11:BUY  | CORRECT          |  16913.50 us
[87] TX: 0x22:15303, 0x11:34533 | EXPECTED: SELL, SELL | RX: 0x22:SELL, 0x11:SELL | CORRECT          |  17516.80 us
[88] TX: 0x22:31454, 0x11:4694 | EXPECTED: BUY , SELL | RX: 0x22:BUY , 0x11:SELL | CORRECT          |  16134.00 us
[89] TX: 0x11:50346, 0x22:29129 | EXPECTED: BUY , BUY  | RX: 0x11:BUY , 0x22:BUY  | CORRECT          |  17019.40 us
[90] TX: 0x11:15133, 0x22:64160 | EXPECTED: SELL, BUY  | RX: 0x11:SELL, 0x22:BUY  | CORRECT          |  17151.90 us
[91] TX: 0x22:51112, 0x11:39227 | EXPECTED: BUY , SELL | RX: 0x22:BUY , 0x11:SELL | CORRECT          |  16596.50 us
[92] TX: 0x22:34637, 0x11:22712 | EXPECTED: BUY , SELL | RX: 0x22:BUY , 0x11:SELL | CORRECT          |  16902.30 us
[93] TX: 0x22:46611, 0x11:31629 | EXPECTED: BUY , SELL | RX: 0x22:BUY , 0x11:SELL | CORRECT          |  16434.80 us
[94] TX: 0x22:50354, 0x11:10621 | EXPECTED: BUY , SELL | RX: 0x22:BUY , 0x11:SELL | CORRECT          |  17596.80 us
[95] TX: 0x22:47725, 0x11:44289 | EXPECTED: BUY , BUY  | RX: 0x22:BUY , 0x11:BUY  | CORRECT          |  16081.50 us
[96] TX: 0x22:39649, 0x11:39232 | EXPECTED: BUY , BUY  | RX: 0x22:BUY , 0x11:BUY  | CORRECT          |  16807.10 us
[97] TX: 0x22:59066, 0x11:63377 | EXPECTED: BUY , BUY  | RX: 0x22:BUY , 0x11:BUY  | CORRECT          |  17587.30 us
[98] TX: 0x11:59466, 0x22:54907 | EXPECTED: BUY , BUY  | RX: 0x11:BUY , 0x22:BUY  | CORRECT          |  16163.40 us
[99] TX: 0x22:32365, 0x11:17294 | EXPECTED: SELL, SELL | RX: 0x22:SELL, 0x11:SELL | CORRECT          |  16770.30 us

========================================
FINAL TEST RESULTS
========================================
Requested packets: 100
Packets successfully received: 100
Warm-up packets ignored: 16
Scored packets (fixed): 84
Correct packets: 84
Packet correctness: 100.00%
Correct individual actions: 168/168
Action correctness: 100.00%
Timeouts: 0
Estimated correctness points: 70.0 / 70
Average successful round-trip latency: 16849.53 us
Average successful round-trip latency: 16.850 ms
UART port: COM6
UART baud rate: 115200
Practice seed: 0x1F00D16B
CSV output: trade_results_100_fullrange.csv
Summary output: trade_summary_100_fullrange.txt
========================================

